// Jest Snapshot v1, https://goo.gl/fbAQLP

exports[`Qoute renders correctly 1`] = `<div />`;
